  CPU Time (Seconds)  Function
           10.000000  bill
           1.0000  foo
            .2000  frank
