_creat()
_write()
_open()
_read()
_dup2()
_lseek()
_close()
