Ais_override called
bcreate called
Doing 301 calls to sleep
Counted 301 calls to sleep()!
SUCCESS
