            CPU Time  LinkedObject
             53.9100  mutatee

