      Exclusive Time  Function Name
              3.0000  f3_(mutatee: mutatee.c,27)
              2.0000  f2_(mutatee: mutatee.c,18)
              1.0000  f1_(mutatee: mutatee.c,9)
