      Exclusive Time  Function Name
              3.0000  f3(mutatee: mutatee.c,27)
              2.0000  f2(mutatee: mutatee.c,18)
              1.0000  f1(mutatee: mutatee.c,9)
