  CPU Time (Seconds)  Function
           3.000000  f3
           2.0000  f2
            1.0000  f1
