  CPU Time (Seconds)  Function
           3.000000  f3
           2.000000  f2
           1.000000  f1
