bget_all_statements() SUCCESS - status ASC_success
bget_all_statements() SUCCESS
