io::exclusive_details
io::exclusive_times
io::inclusive_details
io::inclusive_times
